2026-09-26 21:01:14,943 INFO    books: Scraping https://books.toscrape.com/ (delay 1.0s, details=True)
2026-09-26 21:01:16,762 INFO    core.http: robots.txt: none at https://books.toscrape.com (all paths allowed)
2026-09-26 21:01:17,695 INFO    books: Found 50 categories
2026-09-26 21:01:29,398 INFO    books: [ 1/50] Travel                  11 books  (total 11)
2026-09-26 21:02:03,537 INFO    books: [ 2/50] Mystery                 32 books  (total 43)
2026-09-26 21:02:31,791 INFO    books: [ 3/50] Historical Fiction      26 books  (total 69)
2026-09-26 21:03:51,273 INFO    books: [ 4/50] Sequential Art          75 books  (total 144)
2026-09-26 21:04:11,054 INFO    books: [ 5/50] Classics                19 books  (total 163)
2026-09-26 21:04:23,354 INFO    books: [ 6/50] Philosophy              11 books  (total 174)
2026-09-26 21:05:09,716 INFO    books: [ 7/50] Romance                 35 books  (total 209)
2026-09-26 21:05:31,844 INFO    books: [ 8/50] Womens Fiction          17 books  (total 226)
2026-09-26 21:07:21,267 INFO    books: [ 9/50] Fiction                 65 books  (total 291)
2026-09-26 21:08:06,746 INFO    books: [10/50] Childrens               29 books  (total 320)
2026-09-26 21:08:14,082 INFO    books: [11/50] Religion                 7 books  (total 327)
2026-09-26 21:10:43,882 INFO    books: [12/50] Nonfiction             110 books  (total 437)
2026-09-26 21:11:00,743 INFO    books: [13/50] Music                   13 books  (total 450)
2026-09-26 21:14:04,455 INFO    books: [14/50] Default                152 books  (total 602)
2026-09-26 21:14:21,470 INFO    books: [15/50] Science Fiction         16 books  (total 618)
2026-09-26 21:14:27,494 INFO    books: [16/50] Sports and Games         5 books  (total 623)
2026-09-26 21:16:01,001 INFO    books: [17/50] Add a comment           67 books  (total 690)
2026-09-26 21:16:51,952 INFO    books: [18/50] Fantasy                 48 books  (total 738)
2026-09-26 21:16:59,064 INFO    books: [19/50] New Adult                6 books  (total 744)
2026-09-26 21:17:56,132 INFO    books: [20/50] Young Adult             54 books  (total 798)
2026-09-26 21:18:11,060 INFO    books: [21/50] Science                 14 books  (total 812)
2026-09-26 21:18:30,822 INFO    books: [22/50] Poetry                  19 books  (total 831)
2026-09-26 21:18:32,825 INFO    books: [23/50] Paranormal               1 books  (total 832)
2026-09-26 21:18:42,104 INFO    books: [24/50] Art                      8 books  (total 840)
2026-09-26 21:18:50,074 INFO    books: [25/50] Psychology               7 books  (total 847)
2026-09-26 21:19:00,314 INFO    books: [26/50] Autobiography            9 books  (total 856)
2026-09-26 21:19:02,132 INFO    books: [27/50] Parenting                1 books  (total 857)
2026-09-26 21:19:04,060 INFO    books: [28/50] Adult Fiction            1 books  (total 858)
2026-09-26 21:19:15,159 INFO    books: [29/50] Humor                   10 books  (total 868)
2026-09-26 21:19:33,422 INFO    books: [30/50] Horror                  17 books  (total 885)
2026-09-26 21:19:52,649 INFO    books: [31/50] History                 18 books  (total 903)
2026-09-26 21:20:24,453 INFO    books: [32/50] Food and Drink          30 books  (total 933)
2026-09-26 21:20:31,472 INFO    books: [33/50] Christian Fiction        6 books  (total 939)
2026-09-26 21:20:44,740 INFO    books: [34/50] Business                12 books  (total 951)
2026-09-26 21:20:50,767 INFO    books: [35/50] Biography                5 books  (total 956)
2026-09-26 21:21:02,765 INFO    books: [36/50] Thriller                11 books  (total 967)
2026-09-26 21:21:06,781 INFO    books: [37/50] Contemporary             3 books  (total 970)
2026-09-26 21:21:13,754 INFO    books: [38/50] Spirituality             6 books  (total 976)
2026-09-26 21:21:15,768 INFO    books: [39/50] Academic                 1 books  (total 977)
2026-09-26 21:21:21,790 INFO    books: [40/50] Self Help                5 books  (total 982)
2026-09-26 21:21:24,799 INFO    books: [41/50] Historical               2 books  (total 984)
2026-09-26 21:21:28,769 INFO    books: [42/50] Christian                3 books  (total 987)
2026-09-26 21:21:30,615 INFO    books: [43/50] Suspense                 1 books  (total 988)
2026-09-26 21:21:33,289 INFO    books: [44/50] Short Stories            1 books  (total 989)
2026-09-26 21:21:35,223 INFO    books: [45/50] Novels                   1 books  (total 990)
2026-09-26 21:21:40,028 INFO    books: [46/50] Health                   4 books  (total 994)
2026-09-26 21:21:43,959 INFO    books: [47/50] Politics                 3 books  (total 997)
2026-09-26 21:21:45,946 INFO    books: [48/50] Cultural                 1 books  (total 998)
2026-09-26 21:21:48,394 INFO    books: [49/50] Erotica                  1 books  (total 999)
2026-09-26 21:21:51,375 INFO    books: [50/50] Crime                    1 books  (total 1000)
2026-09-26 21:21:51,375 INFO    books: HTTP requests sent: 1082 (incl. robots.txt)
2026-09-26 21:21:51,566 INFO    books: Saved 1000 books -> output\books.csv and output\books.xlsx
2026-09-26 21:21:51,566 INFO    books: Summary: 50 categories, 80 listing pages, 1000 product pages, 0 errors, 8,585 units in stock, 1236s
